// Vitest Snapshot v1, https://vitest.dev/guide/snapshot.html

exports[`Counter Component > Debe hacer match con el snapshot 1`] = `
"<h2 data-v-9bd91872=\\"\\">Counter App</h2>
<div data-v-9bd91872=\\"\\">
  <h3 data-v-9bd91872=\\"\\">1 <sup data-v-9bd91872=\\"\\">2</sup> = 1</h3>
  <p data-v-9bd91872=\\"\\" data-testid=\\"counter\\">1</p>
  <div data-v-9bd91872=\\"\\" class=\\"buttons\\"><button data-v-9bd91872=\\"\\" data-testid=\\"button-decrementar\\"> - </button><button data-v-9bd91872=\\"\\" data-testid=\\"button-incrementar\\"> + </button></div>
</div>"
`;
